yarn run v1.22.22
$ jest surfacing-output --verbose
jest-haste-map: duplicate manual mock found: fileMock
  The following files share their name; please delete one of them:
    * <rootDir>\__mocks__\fileMock.js
    * <rootDir>\src\app\src\__mocks__\fileMock.js

  console.log
    LENGTH: 57

      at Object.log (src/app/src/features/Surfacing/tests/surfacing-output.test.ts:40:11)

  console.log
    RECEIVED: [
      "(Header)",
      "(Generated by gSender from Sienci Labs)",
      "G21 ;mm",
      "G90",
      "M3 S17000",
      "G0 X0 Y0",
      "G0 Z3",
      "G1 F2500",
      "(Header End)",
      "(*** Layer 1 ***)",
      "(Covering Surfacing Perimeter)",
      "(Ramping into Material)",
      "G91",
      "G1 X78 Z-2",
      "G1 X-78 Z-2",
      "G90",
      "(End of Ramping into Material)",
      "G1 Y-100",
      "G1 X100",
      "G1 Y0",
      "G1 X0",
      "(End of Covering Surfacing Perimeter)",
      "(Entering Start Position)",
      "G91",
      "G1 Y-8.8",
      "G1 X8.8",
      "G90",
      "(End of Entering Start Position)",
      "G1 Y-91.2",
      "G1 X91.2",
      "G1 Y-8.8",
      "G1 X17.6",
      "G1 Y-82.4",
      "G1 X82.4",
      "G1 Y-17.6",
      "G1 X26.4",
      "G1 Y-73.6",
      "G1 X73.6",
      "G1 Y-26.4",
      "G1 X35.2",
      "G1 Y-64.8",
      "G1 X64.8",
      "G1 Y-35.2",
      "G1 X44",
      "G1 Y-56",
      "G1 X56",
      "G1 Y-44",
      "G1 X52.8",
      "G1 Y-47.2",
      "(Returning to Zero)",
      "G0 Z3",
      "G0 X0 Y0",
      "(End of Returning to Zero)",
      "(*** End of Layer 1 ***)",
      "(Footer)",
      "M5 ;Turn off spindle",
      "(End of Footer)"
    ]

      at Object.log (src/app/src/features/Surfacing/tests/surfacing-output.test.ts:41:11)

FAIL src/app/src/features/Surfacing/tests/surfacing-output.test.ts
  Surfacing Output
    √ should generate gcode for surfacing (5 ms)
    √ should generate gcode for surfacing with imperial units (1 ms)
    √ should generate gcode for surfacing with metric units (1 ms)
    × should output the correct gcode for the surfacing (21 ms)

  ● Surfacing Output › should output the correct gcode for the surfacing

    expect(received).toEqual(expected) // deep equality

    Expected: ArrayContaining ["(Header)", "(Generated by gSender from Sienci Labs)", "G21 ;mm", "G90", "M3 S17000", "G0 X0 Y0", "G0 Z3", "G1 F2500", "(Header End)", "(*** Layer 1 ***)", …]
    Received: ["(Header)", "(Generated by gSender from Sienci Labs)", "G21 ;mm", "G90", "M3 S17000", "G0 X0 Y0", "G0 Z3", "G1 F2500", "(Header End)", "(*** Layer 1 ***)", …]

    [0m [90m 41 |[39m 		console[33m.[39mlog([32m"RECEIVED:"[39m[33m,[39m [33mJSON[39m[33m.[39mstringify(nonBlankGcode[33m,[39m [36mnull[39m[33m,[39m [35m2[39m))[33m;[39m
     [90m 42 |[39m  
    [31m[1m>[22m[39m[90m 43 |[39m 		expect(nonBlankGcode)[33m.[39mtoEqual(
     [90m    |[39m 		                      [31m[1m^[22m[39m
     [90m 44 |[39m 			expect[33m.[39marrayContaining([
     [90m 45 |[39m 				[32m"(Header)"[39m[33m,[39m
     [90m 46 |[39m 				[32m"(Generated by gSender from Sienci Labs)"[39m[33m,[39m[0m

      at Object.toEqual (src/app/src/features/Surfacing/tests/surfacing-output.test.ts:43:25)

Test Suites: 1 failed, 1 total
Tests:       1 failed, 3 passed, 4 total
Snapshots:   0 total
Time:        2.274 s
Ran all test suites matching surfacing-output.
error Command failed with exit code 1.
info Visit https://yarnpkg.com/en/docs/cli/run for documentation about this command.
